    Finished `test` profile [unoptimized + debuginfo] target(s) in 0.19s
     Running unittests src/main.rs (target/debug/deps/m6502-9a805a3d87d1d554)

running 1 test
[2025-03-14T15:30:23Z INFO  m6502::computer::tests] Building assembly
[2025-03-14T15:30:23Z DEBUG m6502::computer::cpu] Loading ROM at address ff00, length 0100
[2025-03-14T15:30:23Z DEBUG m6502::computer::cpu] Setting program counter to ff00
[2025-03-14T15:30:23Z DEBUG m6502::computer::cpu] ff00: opcode a2 -> LDX/Immediate/[ff, 9a] -> LDX Immediate(ff)
[2025-03-14T15:30:23Z DEBUG m6502::computer::cpu] x: 00 -> ff
[2025-03-14T15:30:23Z DEBUG m6502::computer::cpu] ff02: opcode 9a -> TXS/Implied/[78, d8] -> TXS Implied
[2025-03-14T15:30:23Z DEBUG m6502::computer::cpu] ff03: opcode 78 -> SEI/Implied/[d8, 18] -> SEI Implied
[2025-03-14T15:30:23Z DEBUG m6502::computer::cpu] ff04: opcode d8 -> CLD/Implied/[18, b8] -> CLD Implied
[2025-03-14T15:30:23Z DEBUG m6502::computer::cpu] ff05: opcode 18 -> CLC/Implied/[b8, a0] -> CLC Implied
[2025-03-14T15:30:23Z DEBUG m6502::computer::cpu] ff06: opcode b8 -> CLV/Implied/[a0, 00] -> CLV Implied
[2025-03-14T15:30:23Z DEBUG m6502::computer::cpu] ff07: opcode a0 -> LDY/Immediate/[00, a2] -> LDY Immediate(00)
[2025-03-14T15:30:23Z DEBUG m6502::computer::cpu] ff09: opcode a2 -> LDX/Immediate/[00, a9] -> LDX Immediate(00)
[2025-03-14T15:30:23Z DEBUG m6502::computer::cpu] x: ff -> 00
[2025-03-14T15:30:23Z DEBUG m6502::computer::cpu] ff0b: opcode a9 -> LDA/Immediate/[00, 00] -> LDA Immediate(00)
[2025-03-14T15:30:23Z DEBUG m6502::computer::cpu] ff0d: opcode 00 -> BRK/Implied
[2025-03-14T15:30:23Z DEBUG m6502::computer::cpu] ff0e: opcode ea -> NOP/Implied/[48, 8a] -> NOP Implied
[2025-03-14T15:30:23Z DEBUG m6502::computer::cpu] ff0f: opcode 48 -> PHA/Implied/[8a, 48] -> PHA Implied
[2025-03-14T15:30:23Z DEBUG m6502::computer::cpu] ff10: opcode 8a -> TXA/Implied/[48, 98] -> TXA Implied
[2025-03-14T15:30:23Z DEBUG m6502::computer::cpu] ff11: opcode 48 -> PHA/Implied/[98, 48] -> PHA Implied
[2025-03-14T15:30:23Z DEBUG m6502::computer::cpu] ff12: opcode 98 -> TYA/Implied/[48, 68] -> TYA Implied
[2025-03-14T15:30:23Z DEBUG m6502::computer::cpu] ff13: opcode 48 -> PHA/Implied/[68, a8] -> PHA Implied
[2025-03-14T15:30:23Z DEBUG m6502::computer::cpu] ff14: opcode 68 -> PLA/Implied/[a8, 68] -> PLA Implied
[2025-03-14T15:30:23Z DEBUG m6502::computer::cpu] ff15: opcode a8 -> TAY/Implied/[68, aa] -> TAY Implied
[2025-03-14T15:30:23Z DEBUG m6502::computer::cpu] ff16: opcode 68 -> PLA/Implied/[aa, 68] -> PLA Implied
[2025-03-14T15:30:23Z DEBUG m6502::computer::cpu] ff17: opcode aa -> TAX/Implied/[68, 40] -> TAX Implied
[2025-03-14T15:30:23Z DEBUG m6502::computer::cpu] ff18: opcode 68 -> PLA/Implied/[40, 00] -> PLA Implied
[2025-03-14T15:30:23Z DEBUG m6502::computer::cpu] ff19: opcode 40 -> RTI/Implied/[00, 00] -> RTI Implied
[2025-03-14T15:30:23Z DEBUG m6502::computer::cpu] 0fff: opcode 00 -> BRK/Implied
[2025-03-14T15:30:23Z DEBUG m6502::computer::tests] Loading Assembly test assembly/framework.test.bin
[2025-03-14T15:30:23Z DEBUG m6502::computer::cpu] Loading program at address 1000, length 00b8
[2025-03-14T15:30:23Z DEBUG m6502::computer::cpu] Setting program counter to 1000
[2025-03-14T15:30:23Z DEBUG m6502::computer::cpu] 1000: opcode a9 -> LDA/Immediate/[7f, 69] -> LDA Immediate(7f)
[2025-03-14T15:30:23Z DEBUG m6502::computer::cpu] 1002: opcode 69 -> ADC/Immediate/[01, 8d] -> ADC Immediate(01)
[2025-03-14T15:30:23Z DEBUG m6502::computer::cpu] 1004: opcode 8d -> STA/Absolute/[b4, 10] -> STA Address(10b4)
[2025-03-14T15:30:23Z DEBUG m6502::computer::cpu] 1007: opcode 38 -> SEC/Implied/[f8, 78] -> SEC Implied
[2025-03-14T15:30:23Z DEBUG m6502::computer::cpu] 1008: opcode f8 -> SED/Implied/[78, 48] -> SED Implied
[2025-03-14T15:30:23Z DEBUG m6502::computer::cpu] 1009: opcode 78 -> SEI/Implied/[48, 08] -> SEI Implied
[2025-03-14T15:30:23Z DEBUG m6502::computer::cpu] 100a: opcode 48 -> PHA/Implied/[08, 08] -> PHA Implied
[2025-03-14T15:30:23Z DEBUG m6502::computer::cpu] 100b: opcode 08 -> PHP/Implied/[08, 68] -> PHP Implied
[2025-03-14T15:30:23Z DEBUG m6502::computer::cpu] 100c: opcode 08 -> PHP/Implied/[68, 29] -> PHP Implied
[2025-03-14T15:30:23Z DEBUG m6502::computer::cpu] 100d: opcode 68 -> PLA/Implied/[29, c3] -> PLA Implied
[2025-03-14T15:30:23Z DEBUG m6502::computer::cpu] 100e: opcode 29 -> AND/Immediate/[c3, 8d] -> AND Immediate(c3)
[2025-03-14T15:30:23Z DEBUG m6502::computer::cpu] 1010: opcode 8d -> STA/Absolute/[b0, 10] -> STA Address(10b0)
[2025-03-14T15:30:23Z DEBUG m6502::computer::cpu] 1013: opcode 28 -> PLP/Implied/[68, 48] -> PLP Implied
[2025-03-14T15:30:23Z DEBUG m6502::computer::cpu] 1014: opcode 68 -> PLA/Implied/[48, 08] -> PLA Implied
[2025-03-14T15:30:23Z DEBUG m6502::computer::cpu] 1015: opcode 48 -> PHA/Implied/[08, 08] -> PHA Implied
[2025-03-14T15:30:23Z DEBUG m6502::computer::cpu] 1016: opcode 08 -> PHP/Implied/[08, 68] -> PHP Implied
[2025-03-14T15:30:23Z DEBUG m6502::computer::cpu] 1017: opcode 08 -> PHP/Implied/[68, 29] -> PHP Implied
[2025-03-14T15:30:23Z DEBUG m6502::computer::cpu] 1018: opcode 68 -> PLA/Implied/[29, 41] -> PLA Implied
[2025-03-14T15:30:23Z DEBUG m6502::computer::cpu] 1019: opcode 29 -> AND/Immediate/[41, 8d] -> AND Immediate(41)
[2025-03-14T15:30:23Z DEBUG m6502::computer::cpu] 101b: opcode 8d -> STA/Absolute/[b1, 10] -> STA Address(10b1)
[2025-03-14T15:30:23Z DEBUG m6502::computer::cpu] 101e: opcode 28 -> PLP/Implied/[68, a9] -> PLP Implied
[2025-03-14T15:30:23Z DEBUG m6502::computer::cpu] 101f: opcode 68 -> PLA/Implied/[a9, 00] -> PLA Implied
[2025-03-14T15:30:23Z DEBUG m6502::computer::cpu] 1020: opcode a9 -> LDA/Immediate/[00, 48] -> LDA Immediate(00)
[2025-03-14T15:30:23Z DEBUG m6502::computer::cpu] 1022: opcode 48 -> PHA/Implied/[08, 08] -> PHA Implied
[2025-03-14T15:30:23Z DEBUG m6502::computer::cpu] 1023: opcode 08 -> PHP/Implied/[08, 68] -> PHP Implied
[2025-03-14T15:30:23Z DEBUG m6502::computer::cpu] 1024: opcode 08 -> PHP/Implied/[68, 29] -> PHP Implied
[2025-03-14T15:30:23Z DEBUG m6502::computer::cpu] 1025: opcode 68 -> PLA/Implied/[29, c3] -> PLA Implied
[2025-03-14T15:30:23Z DEBUG m6502::computer::cpu] 1026: opcode 29 -> AND/Immediate/[c3, 8d] -> AND Immediate(c3)
[2025-03-14T15:30:23Z DEBUG m6502::computer::cpu] 1028: opcode 8d -> STA/Absolute/[b2, 10] -> STA Address(10b2)
[2025-03-14T15:30:23Z DEBUG m6502::computer::cpu] 102b: opcode 28 -> PLP/Implied/[68, b8] -> PLP Implied
[2025-03-14T15:30:23Z DEBUG m6502::computer::cpu] 102c: opcode 68 -> PLA/Implied/[b8, 48] -> PLA Implied
[2025-03-14T15:30:23Z DEBUG m6502::computer::cpu] 102d: opcode b8 -> CLV/Implied/[48, 08] -> CLV Implied
[2025-03-14T15:30:23Z DEBUG m6502::computer::cpu] 102e: opcode 48 -> PHA/Implied/[08, 08] -> PHA Implied
[2025-03-14T15:30:23Z DEBUG m6502::computer::cpu] 102f: opcode 08 -> PHP/Implied/[08, 68] -> PHP Implied
[2025-03-14T15:30:23Z DEBUG m6502::computer::cpu] 1030: opcode 08 -> PHP/Implied/[68, 29] -> PHP Implied
[2025-03-14T15:30:23Z DEBUG m6502::computer::cpu] 1031: opcode 68 -> PLA/Implied/[29, c3] -> PLA Implied
[2025-03-14T15:30:23Z DEBUG m6502::computer::cpu] 1032: opcode 29 -> AND/Immediate/[c3, 8d] -> AND Immediate(c3)
[2025-03-14T15:30:23Z DEBUG m6502::computer::cpu] 1034: opcode 8d -> STA/Absolute/[b3, 10] -> STA Address(10b3)
[2025-03-14T15:30:23Z DEBUG m6502::computer::cpu] 1037: opcode 28 -> PLP/Implied/[68, fa] -> PLP Implied
[2025-03-14T15:30:23Z DEBUG m6502::computer::cpu] 1038: opcode 68 -> PLA/Implied/[fa, 3f] -> PLA Implied
[2025-03-14T15:30:23Z DEBUG m6502::computer::cpu] 1039: opcode fa -> VRFY/Absolute/[3f, 10] -> VRFY Address(103f)
[2025-03-14T15:30:23Z DEBUG m6502::computer::cpu::tests] 103f: Verifying test with id 01
[2025-03-14T15:30:23Z DEBUG m6502::computer::cpu::tests] Test operation: TestAddressContents
[2025-03-14T15:30:23Z DEBUG m6502::computer::cpu::tests] Test operation: TestAddressContents
[2025-03-14T15:30:23Z DEBUG m6502::computer::cpu::tests] Test operation: TestAddressContents
[2025-03-14T15:30:23Z DEBUG m6502::computer::cpu::tests] Test operation: TestAddressContents
[2025-03-14T15:30:23Z DEBUG m6502::computer::cpu::tests] Test operation: TestAddressContents
[2025-03-14T15:30:23Z DEBUG m6502::computer::cpu::tests] Test operation: TestEnd
[2025-03-14T15:30:23Z DEBUG m6502::computer::cpu] 103c: opcode 4c -> JMP/Absolute/[56, 10] -> JMP Address(1056)
[2025-03-14T15:30:23Z DEBUG m6502::computer::cpu] Jumping to 1056
[2025-03-14T15:30:23Z DEBUG m6502::computer::cpu] 1056: opcode a9 -> LDA/Immediate/[ff, 8d] -> LDA Immediate(ff)
[2025-03-14T15:30:23Z DEBUG m6502::computer::cpu] 1058: opcode 8d -> STA/Absolute/[b0, 10] -> STA Address(10b0)
[2025-03-14T15:30:23Z DEBUG m6502::computer::cpu] 105b: opcode 8d -> STA/Absolute/[b7, 10] -> STA Address(10b7)
[2025-03-14T15:30:23Z DEBUG m6502::computer::cpu] 105e: opcode 48 -> PHA/Implied/[8a, 48] -> PHA Implied
[2025-03-14T15:30:23Z DEBUG m6502::computer::cpu] 105f: opcode 8a -> TXA/Implied/[48, a9] -> TXA Implied
[2025-03-14T15:30:23Z DEBUG m6502::computer::cpu] 1060: opcode 48 -> PHA/Implied/[a9, 00] -> PHA Implied
[2025-03-14T15:30:23Z DEBUG m6502::computer::cpu] 1061: opcode a9 -> LDA/Immediate/[00, a2] -> LDA Immediate(00)
[2025-03-14T15:30:23Z DEBUG m6502::computer::cpu] 1063: opcode a2 -> LDX/Immediate/[00, 9d] -> LDX Immediate(00)
[2025-03-14T15:30:23Z DEBUG m6502::computer::cpu] x: 00 -> 00
[2025-03-14T15:30:23Z DEBUG m6502::computer::cpu] 1065: opcode 9d -> STA/AbsoluteX/[b0, 10] -> STA Address(10b0)
[2025-03-14T15:30:23Z DEBUG m6502::computer::cpu] 1068: opcode e8 -> INX/Implied/[e0, 08] -> INX Implied
[2025-03-14T15:30:23Z DEBUG m6502::computer::cpu] x: 00 -> 01
[2025-03-14T15:30:23Z DEBUG m6502::computer::cpu] 1069: opcode e0 -> CPX/Immediate/[08, f0] -> CPX Immediate(08)
[2025-03-14T15:30:23Z DEBUG m6502::computer::cpu] 106b: opcode f0 -> BEQ/Relative/[03, 4c] -> BEQ Address(1070)
[2025-03-14T15:30:23Z DEBUG m6502::computer::cpu] 106d: opcode 4c -> JMP/Absolute/[65, 10] -> JMP Address(1065)
[2025-03-14T15:30:23Z DEBUG m6502::computer::cpu] Jumping to 1065
[2025-03-14T15:30:23Z DEBUG m6502::computer::cpu] 1065: opcode 9d -> STA/AbsoluteX/[b0, 10] -> STA Address(10b1)
[2025-03-14T15:30:23Z DEBUG m6502::computer::cpu] 1068: opcode e8 -> INX/Implied/[e0, 08] -> INX Implied
[2025-03-14T15:30:23Z DEBUG m6502::computer::cpu] x: 01 -> 02
[2025-03-14T15:30:23Z DEBUG m6502::computer::cpu] 1069: opcode e0 -> CPX/Immediate/[08, f0] -> CPX Immediate(08)
[2025-03-14T15:30:23Z DEBUG m6502::computer::cpu] 106b: opcode f0 -> BEQ/Relative/[03, 4c] -> BEQ Address(1070)
[2025-03-14T15:30:23Z DEBUG m6502::computer::cpu] 106d: opcode 4c -> JMP/Absolute/[65, 10] -> JMP Address(1065)
[2025-03-14T15:30:23Z DEBUG m6502::computer::cpu] Jumping to 1065
[2025-03-14T15:30:23Z DEBUG m6502::computer::cpu] 1065: opcode 9d -> STA/AbsoluteX/[b0, 10] -> STA Address(10b2)
[2025-03-14T15:30:23Z DEBUG m6502::computer::cpu] 1068: opcode e8 -> INX/Implied/[e0, 08] -> INX Implied
[2025-03-14T15:30:23Z DEBUG m6502::computer::cpu] x: 02 -> 03
[2025-03-14T15:30:23Z DEBUG m6502::computer::cpu] 1069: opcode e0 -> CPX/Immediate/[08, f0] -> CPX Immediate(08)
[2025-03-14T15:30:23Z DEBUG m6502::computer::cpu] 106b: opcode f0 -> BEQ/Relative/[03, 4c] -> BEQ Address(1070)
[2025-03-14T15:30:23Z DEBUG m6502::computer::cpu] 106d: opcode 4c -> JMP/Absolute/[65, 10] -> JMP Address(1065)
[2025-03-14T15:30:23Z DEBUG m6502::computer::cpu] Jumping to 1065
[2025-03-14T15:30:23Z DEBUG m6502::computer::cpu] 1065: opcode 9d -> STA/AbsoluteX/[b0, 10] -> STA Address(10b3)
[2025-03-14T15:30:23Z DEBUG m6502::computer::cpu] 1068: opcode e8 -> INX/Implied/[e0, 08] -> INX Implied
[2025-03-14T15:30:23Z DEBUG m6502::computer::cpu] x: 03 -> 04
[2025-03-14T15:30:23Z DEBUG m6502::computer::cpu] 1069: opcode e0 -> CPX/Immediate/[08, f0] -> CPX Immediate(08)
[2025-03-14T15:30:23Z DEBUG m6502::computer::cpu] 106b: opcode f0 -> BEQ/Relative/[03, 4c] -> BEQ Address(1070)
[2025-03-14T15:30:23Z DEBUG m6502::computer::cpu] 106d: opcode 4c -> JMP/Absolute/[65, 10] -> JMP Address(1065)
[2025-03-14T15:30:23Z DEBUG m6502::computer::cpu] Jumping to 1065
[2025-03-14T15:30:23Z DEBUG m6502::computer::cpu] 1065: opcode 9d -> STA/AbsoluteX/[b0, 10] -> STA Address(10b4)
[2025-03-14T15:30:23Z DEBUG m6502::computer::cpu] 1068: opcode e8 -> INX/Implied/[e0, 08] -> INX Implied
[2025-03-14T15:30:23Z DEBUG m6502::computer::cpu] x: 04 -> 05
[2025-03-14T15:30:23Z DEBUG m6502::computer::cpu] 1069: opcode e0 -> CPX/Immediate/[08, f0] -> CPX Immediate(08)
[2025-03-14T15:30:23Z DEBUG m6502::computer::cpu] 106b: opcode f0 -> BEQ/Relative/[03, 4c] -> BEQ Address(1070)
[2025-03-14T15:30:23Z DEBUG m6502::computer::cpu] 106d: opcode 4c -> JMP/Absolute/[65, 10] -> JMP Address(1065)
[2025-03-14T15:30:23Z DEBUG m6502::computer::cpu] Jumping to 1065
[2025-03-14T15:30:23Z DEBUG m6502::computer::cpu] 1065: opcode 9d -> STA/AbsoluteX/[b0, 10] -> STA Address(10b5)
[2025-03-14T15:30:23Z DEBUG m6502::computer::cpu] 1068: opcode e8 -> INX/Implied/[e0, 08] -> INX Implied
[2025-03-14T15:30:23Z DEBUG m6502::computer::cpu] x: 05 -> 06
[2025-03-14T15:30:23Z DEBUG m6502::computer::cpu] 1069: opcode e0 -> CPX/Immediate/[08, f0] -> CPX Immediate(08)
[2025-03-14T15:30:23Z DEBUG m6502::computer::cpu] 106b: opcode f0 -> BEQ/Relative/[03, 4c] -> BEQ Address(1070)
[2025-03-14T15:30:23Z DEBUG m6502::computer::cpu] 106d: opcode 4c -> JMP/Absolute/[65, 10] -> JMP Address(1065)
[2025-03-14T15:30:23Z DEBUG m6502::computer::cpu] Jumping to 1065
[2025-03-14T15:30:23Z DEBUG m6502::computer::cpu] 1065: opcode 9d -> STA/AbsoluteX/[b0, 10] -> STA Address(10b6)
[2025-03-14T15:30:23Z DEBUG m6502::computer::cpu] 1068: opcode e8 -> INX/Implied/[e0, 08] -> INX Implied
[2025-03-14T15:30:23Z DEBUG m6502::computer::cpu] x: 06 -> 07
[2025-03-14T15:30:23Z DEBUG m6502::computer::cpu] 1069: opcode e0 -> CPX/Immediate/[08, f0] -> CPX Immediate(08)
[2025-03-14T15:30:23Z DEBUG m6502::computer::cpu] 106b: opcode f0 -> BEQ/Relative/[03, 4c] -> BEQ Address(1070)
[2025-03-14T15:30:23Z DEBUG m6502::computer::cpu] 106d: opcode 4c -> JMP/Absolute/[65, 10] -> JMP Address(1065)
[2025-03-14T15:30:23Z DEBUG m6502::computer::cpu] Jumping to 1065
[2025-03-14T15:30:23Z DEBUG m6502::computer::cpu] 1065: opcode 9d -> STA/AbsoluteX/[b0, 10] -> STA Address(10b7)
[2025-03-14T15:30:23Z DEBUG m6502::computer::cpu] 1068: opcode e8 -> INX/Implied/[e0, 08] -> INX Implied
[2025-03-14T15:30:23Z DEBUG m6502::computer::cpu] x: 07 -> 08
[2025-03-14T15:30:23Z DEBUG m6502::computer::cpu] 1069: opcode e0 -> CPX/Immediate/[08, f0] -> CPX Immediate(08)
[2025-03-14T15:30:23Z DEBUG m6502::computer::cpu] 106b: opcode f0 -> BEQ/Relative/[03, 4c] -> BEQ Address(1070)
[2025-03-14T15:30:23Z DEBUG m6502::computer::cpu] Jumping to 1070
[2025-03-14T15:30:23Z DEBUG m6502::computer::cpu] 1070: opcode 68 -> PLA/Implied/[aa, 68] -> PLA Implied
[2025-03-14T15:30:23Z DEBUG m6502::computer::cpu] 1071: opcode aa -> TAX/Implied/[68, fa] -> TAX Implied
[2025-03-14T15:30:23Z DEBUG m6502::computer::cpu] 1072: opcode 68 -> PLA/Implied/[fa, 91] -> PLA Implied
[2025-03-14T15:30:23Z DEBUG m6502::computer::cpu] 1073: opcode fa -> VRFY/Absolute/[91, 10] -> VRFY Address(1091)
[2025-03-14T15:30:23Z DEBUG m6502::computer::cpu::tests] 1091: Verifying test with id 02
[2025-03-14T15:30:23Z DEBUG m6502::computer::cpu::tests] Test operation: TestAddressContents
[2025-03-14T15:30:23Z DEBUG m6502::computer::cpu::tests] Test operation: TestAddressContents
[2025-03-14T15:30:23Z DEBUG m6502::computer::cpu::tests] Test operation: TestEnd
[2025-03-14T15:30:23Z DEBUG m6502::computer::cpu] 1076: opcode 48 -> PHA/Implied/[8a, 48] -> PHA Implied
[2025-03-14T15:30:23Z DEBUG m6502::computer::cpu] 1077: opcode 8a -> TXA/Implied/[48, a9] -> TXA Implied
[2025-03-14T15:30:23Z DEBUG m6502::computer::cpu] 1078: opcode 48 -> PHA/Implied/[a9, ae] -> PHA Implied
[2025-03-14T15:30:23Z DEBUG m6502::computer::cpu] 1079: opcode a9 -> LDA/Immediate/[ae, a2] -> LDA Immediate(ae)
[2025-03-14T15:30:23Z DEBUG m6502::computer::cpu] 107b: opcode a2 -> LDX/Immediate/[00, 9d] -> LDX Immediate(00)
[2025-03-14T15:30:23Z DEBUG m6502::computer::cpu] x: 00 -> 00
[2025-03-14T15:30:23Z DEBUG m6502::computer::cpu] 107d: opcode 9d -> STA/AbsoluteX/[b1, 10] -> STA Address(10b1)
[2025-03-14T15:30:23Z DEBUG m6502::computer::cpu] 1080: opcode e8 -> INX/Implied/[e0, 06] -> INX Implied
[2025-03-14T15:30:23Z DEBUG m6502::computer::cpu] x: 00 -> 01
[2025-03-14T15:30:23Z DEBUG m6502::computer::cpu] 1081: opcode e0 -> CPX/Immediate/[06, f0] -> CPX Immediate(06)
[2025-03-14T15:30:23Z DEBUG m6502::computer::cpu] 1083: opcode f0 -> BEQ/Relative/[03, 4c] -> BEQ Address(1088)
[2025-03-14T15:30:23Z DEBUG m6502::computer::cpu] 1085: opcode 4c -> JMP/Absolute/[7d, 10] -> JMP Address(107d)
[2025-03-14T15:30:23Z DEBUG m6502::computer::cpu] Jumping to 107d
[2025-03-14T15:30:23Z DEBUG m6502::computer::cpu] 107d: opcode 9d -> STA/AbsoluteX/[b1, 10] -> STA Address(10b2)
[2025-03-14T15:30:23Z DEBUG m6502::computer::cpu] 1080: opcode e8 -> INX/Implied/[e0, 06] -> INX Implied
[2025-03-14T15:30:23Z DEBUG m6502::computer::cpu] x: 01 -> 02
[2025-03-14T15:30:23Z DEBUG m6502::computer::cpu] 1081: opcode e0 -> CPX/Immediate/[06, f0] -> CPX Immediate(06)
[2025-03-14T15:30:23Z DEBUG m6502::computer::cpu] 1083: opcode f0 -> BEQ/Relative/[03, 4c] -> BEQ Address(1088)
[2025-03-14T15:30:23Z DEBUG m6502::computer::cpu] 1085: opcode 4c -> JMP/Absolute/[7d, 10] -> JMP Address(107d)
[2025-03-14T15:30:23Z DEBUG m6502::computer::cpu] Jumping to 107d
[2025-03-14T15:30:23Z DEBUG m6502::computer::cpu] 107d: opcode 9d -> STA/AbsoluteX/[b1, 10] -> STA Address(10b3)
[2025-03-14T15:30:23Z DEBUG m6502::computer::cpu] 1080: opcode e8 -> INX/Implied/[e0, 06] -> INX Implied
[2025-03-14T15:30:23Z DEBUG m6502::computer::cpu] x: 02 -> 03
[2025-03-14T15:30:23Z DEBUG m6502::computer::cpu] 1081: opcode e0 -> CPX/Immediate/[06, f0] -> CPX Immediate(06)
[2025-03-14T15:30:23Z DEBUG m6502::computer::cpu] 1083: opcode f0 -> BEQ/Relative/[03, 4c] -> BEQ Address(1088)
[2025-03-14T15:30:23Z DEBUG m6502::computer::cpu] 1085: opcode 4c -> JMP/Absolute/[7d, 10] -> JMP Address(107d)
[2025-03-14T15:30:23Z DEBUG m6502::computer::cpu] Jumping to 107d
[2025-03-14T15:30:23Z DEBUG m6502::computer::cpu] 107d: opcode 9d -> STA/AbsoluteX/[b1, 10] -> STA Address(10b4)
[2025-03-14T15:30:23Z DEBUG m6502::computer::cpu] 1080: opcode e8 -> INX/Implied/[e0, 06] -> INX Implied
[2025-03-14T15:30:23Z DEBUG m6502::computer::cpu] x: 03 -> 04
[2025-03-14T15:30:23Z DEBUG m6502::computer::cpu] 1081: opcode e0 -> CPX/Immediate/[06, f0] -> CPX Immediate(06)
[2025-03-14T15:30:23Z DEBUG m6502::computer::cpu] 1083: opcode f0 -> BEQ/Relative/[03, 4c] -> BEQ Address(1088)
[2025-03-14T15:30:23Z DEBUG m6502::computer::cpu] 1085: opcode 4c -> JMP/Absolute/[7d, 10] -> JMP Address(107d)
[2025-03-14T15:30:23Z DEBUG m6502::computer::cpu] Jumping to 107d
[2025-03-14T15:30:23Z DEBUG m6502::computer::cpu] 107d: opcode 9d -> STA/AbsoluteX/[b1, 10] -> STA Address(10b5)
[2025-03-14T15:30:23Z DEBUG m6502::computer::cpu] 1080: opcode e8 -> INX/Implied/[e0, 06] -> INX Implied
[2025-03-14T15:30:23Z DEBUG m6502::computer::cpu] x: 04 -> 05
[2025-03-14T15:30:23Z DEBUG m6502::computer::cpu] 1081: opcode e0 -> CPX/Immediate/[06, f0] -> CPX Immediate(06)
[2025-03-14T15:30:23Z DEBUG m6502::computer::cpu] 1083: opcode f0 -> BEQ/Relative/[03, 4c] -> BEQ Address(1088)
[2025-03-14T15:30:23Z DEBUG m6502::computer::cpu] 1085: opcode 4c -> JMP/Absolute/[7d, 10] -> JMP Address(107d)
[2025-03-14T15:30:23Z DEBUG m6502::computer::cpu] Jumping to 107d
[2025-03-14T15:30:23Z DEBUG m6502::computer::cpu] 107d: opcode 9d -> STA/AbsoluteX/[b1, 10] -> STA Address(10b6)
[2025-03-14T15:30:23Z DEBUG m6502::computer::cpu] 1080: opcode e8 -> INX/Implied/[e0, 06] -> INX Implied
[2025-03-14T15:30:23Z DEBUG m6502::computer::cpu] x: 05 -> 06
[2025-03-14T15:30:23Z DEBUG m6502::computer::cpu] 1081: opcode e0 -> CPX/Immediate/[06, f0] -> CPX Immediate(06)
[2025-03-14T15:30:23Z DEBUG m6502::computer::cpu] 1083: opcode f0 -> BEQ/Relative/[03, 4c] -> BEQ Address(1088)
[2025-03-14T15:30:23Z DEBUG m6502::computer::cpu] Jumping to 1088
[2025-03-14T15:30:23Z DEBUG m6502::computer::cpu] 1088: opcode 68 -> PLA/Implied/[aa, 68] -> PLA Implied
[2025-03-14T15:30:23Z DEBUG m6502::computer::cpu] 1089: opcode aa -> TAX/Implied/[68, fa] -> TAX Implied
[2025-03-14T15:30:23Z DEBUG m6502::computer::cpu] 108a: opcode 68 -> PLA/Implied/[fa, 9c] -> PLA Implied
[2025-03-14T15:30:23Z DEBUG m6502::computer::cpu] 108b: opcode fa -> VRFY/Absolute/[9c, 10] -> VRFY Address(109c)
[2025-03-14T15:30:23Z DEBUG m6502::computer::cpu::tests] 109c: Verifying test with id 03
[2025-03-14T15:30:23Z DEBUG m6502::computer::cpu::tests] Test operation: TestAddressContents
[2025-03-14T15:30:23Z DEBUG m6502::computer::cpu::tests] Test operation: TestAddressContents
[2025-03-14T15:30:23Z DEBUG m6502::computer::cpu::tests] Test operation: TestAddressContents
[2025-03-14T15:30:23Z DEBUG m6502::computer::cpu::tests] Test operation: TestAddressContents
[2025-03-14T15:30:23Z DEBUG m6502::computer::cpu::tests] Test operation: TestEnd
[2025-03-14T15:30:23Z DEBUG m6502::computer::cpu] 108e: opcode 4c -> JMP/Absolute/[af, 10] -> JMP Address(10af)
[2025-03-14T15:30:23Z DEBUG m6502::computer::cpu] Jumping to 10af
[2025-03-14T15:30:23Z DEBUG m6502::computer::cpu] 10af: opcode fc -> HALT
test computer::tests::assembly::test_framework ... ok

test result: ok. 1 passed; 0 failed; 0 ignored; 0 measured; 19 filtered out; finished in 0.17s

